========================================
1-D Euler Filtered MacCormack Solver 02
========================================

case: 1-Sod 2-Lax 3-SubExp 4-Sjogreen 5-ContactExp 6-ContactShock 7-Contact
case [1]: xmin [0]: xmax [1]: x0 [0.5]: nx [501]: gamma [1.4]: CFL [0.5]: t_max [0.2]: MacCormack: 1-FTBS/FTFS 2-FTFS/FTBS 3-alt-FTBS-first 4-alt-FTFS-first
mode [1]: artificial viscosity [y]: snapshot interval [0]: output file [runs\case_07_numerical_02.dat]: [Step 4] Final Check Before Launch
case_id      = 7
domain       = [0.000000, 1.000000], x0 = 0.500000
grid         = nx 501, dx 0.0020000000
time         = t_max 0.200000, CFL 0.500000
gas          = gamma 1.400000
left state   = rho 10.000000, u 1.000000, p 2.000000
right state  = rho 1.000000, u 1.000000, p 2.000000
MacCormack   = fixed predictor FTBS / corrector FTFS
filter       = off, beta 0.000000, sensor rho, eps 1.0e-06
snapshots    = every 0 steps
output       = runs\Solution_07_Pure_Contact\case7_pure_contact_study\matrix\run_0187\numerical.dat
--------------------------------------------------
The solution of p_mid is: 2.000000 
The solution of u_mid is: 1.000000 
Left is expansion wave, rho_mid_L is: 10.000000 
Right is expansion wave, rho_mid_R is: 1.000000 
Z_R-Z_L = 2.202470
x_min = 0.000000
x_max = 1.000000
Tecplot data generated successfully!
Validation -> p_mid: 2.000000, u_mid: 1.000000
