Tecplot 2024.1.0.52134 Batch Log
ACTION: PageControl: CREATE
ACTION: LoadAddOn
ACTION: LoadAddOn
ACTION: LoadAddOn
ACTION: LoadAddOn
ACTION: LoadAddOn
ACTION: LoadAddOn
ACTION: LoadAddOn
ACTION: LoadAddOn
ACTION: LoadAddOn
ACTION: LoadAddOn
ACTION: LoadAddOn
ACTION: LoadAddOn
ACTION: LoadAddOn
ACTION: LoadAddOn
ACTION: LoadAddOn
ACTION: LoadAddOn
ACTION: LoadAddOn
ACTION: LoadAddOn
ACTION: LoadAddOn
ACTION: LoadAddOn
ACTION: LoadAddOn
ACTION: LoadAddOn
ACTION: LoadAddOn
ACTION: LoadAddOn
ACTION: LoadAddOn
ACTION: LoadAddOn
ACTION: LoadAddOn
ACTION: LoadAddOn
ACTION: LoadAddOn
ACTION: LoadAddOn
ACTION: LoadAddOn
ACTION: LoadAddOn
ACTION: LoadAddOn
ACTION: LoadAddOn
ACTION: LoadAddOn
ACTION: LoadAddOn
ACTION: LoadAddOn
ACTION: LoadAddOn
ACTION: LoadAddOn
ACTION: LoadAddOn
ACTION: LoadAddOn
ACTION: LoadAddOn
ACTION: LoadAddOn
ACTION: LoadAddOn
ACTION: LoadAddOn
ACTION: ReadDataSet: "C:\WorkStation\40_Workspace\01_C_ASM_Engine\02_CFD\Project_2\runs\sod_automation_test\plots\numerical_exact_combined.dat"
ACTION: DeleteLineMaps
ACTION: CreateLineMap
ACTION: CreateLineMap
ACTION: View: DataFit
ACTION: ExportStart
ACTION: ExportFinish
ACTION: View: DataFit
ACTION: ExportStart
ACTION: ExportFinish
ACTION: View: DataFit
ACTION: ExportStart
ACTION: ExportFinish
