========================================
1-D Euler Filtered MacCormack Solver 02
========================================

case: 1-Sod 2-Lax 3-SubExp 4-Sjogreen 5-ContactExp 6-ContactShock 7-Contact
case [1]: xmin [0]: xmax [1]: x0 [0.5]: nx [501]: gamma [1.4]: CFL [0.5]: t_max [0.2]: MacCormack: 1-FTBS/FTFS 2-FTFS/FTBS 3-alt-FTBS-first 4-alt-FTFS-first
mode [1]: artificial viscosity [y]: beta [0.5]: sensor: 1-rho 2-u 3-p
sensor [1]: snapshot interval [0]: output file [runs\case_06_numerical_02.dat]: [Step 4] Final Check Before Launch
case_id      = 6
domain       = [0.000000, 1.000000], x0 = 0.500000
grid         = nx 101, dx 0.0100000000
time         = t_max 0.200000, CFL 0.500000
gas          = gamma 1.400000
left state   = rho 0.400000, u 0.500000, p 1.000000
right state  = rho 1.000000, u -0.500000, p 0.900000
MacCormack   = fixed predictor FTBS / corrector FTFS
filter       = on, beta 1.500000, sensor rho, eps 1.0e-06
snapshots    = every 0 steps
output       = runs\Solution_06_Contact_Double_Shock\case6_contact_double_shock_study\matrix\run_0149\numerical.dat
--------------------------------------------------
The solution of p_mid is: 1.509544 
The solution of u_mid is: -0.068063 
Left is shock wave, rho_mid_L is: 0.535706 
Right is shock wave, rho_mid_R is: 1.441088 
Z_R-Z_L = 2.653650
x_min = 0.000000
x_max = 1.000000
Tecplot data generated successfully!
Validation -> p_mid: 1.509544, u_mid: -0.068063
